client/src/pages/dashboard/IKAS.tsx(15,70): error TS2339: Property 'getMe' does not exist on type '{ register: (data: { name: string; email: string; password: string; perusahaanId: string; }) => Promise<{ message: string; }>; login: (data: { email: string; password: string; }) => Promise<{ message: string; requireMfa: boolean; }>; ... 20 more ...; saveSurvei: (answers: Record<...>) => Promise<...>; }'.
client/src/pages/dashboard/IKAS.tsx(102,109): error TS2339: Property 'perusahaan' does not exist on type '{}'.
client/src/pages/dashboard/IKAS.tsx(103,40): error TS2339: Property 'perusahaan' does not exist on type '{}'.
client/src/pages/dashboard/IKAS.tsx(105,91): error TS2339: Property 'perusahaan' does not exist on type '{}'.
